KataGo v1.6.1
Using koPOSITIONALscoreAREAtaxNONEsui0button1 rules initially, unless GTP/GUI overrides this
Loaded config configs/gtp_example.cfg and/or command-line and query overrides
Loaded model tests/models/g170-b6c96-s175395328-d26788732.bin.gz
Model name: g170-b6c96-s175395328-d26788732
GTP ready, beginning main protocol loop
MoveNum: 0 HASH: CDCBC1F514D7E680FACD226074256633
   A B C D E F G H J K L M N O P Q R S T
19 . . . . . . . . . . . . . . . . . . .
18 . . . . . . . . . . . . . . . . . . .
17 . . . . . . . . . . . . . . . . . . .
16 . . . . . . . . . . . . . . . . . . .
15 . . . . . . . . . . . . . . . . . . .
14 . . . . . . . . . . . . . . . . . . .
13 . . . . . . . . . . . . . . . . . . .
12 . . . . . . . . . . . . . . . . . . .
11 . . . . . . . . . . . . . . . . . . .
10 . . . . . . . . . . . . . . . . . . .
 9 . . . . . . . . . . . . . . . . . . .
 8 . . . . . . . . . . . . . . . . . . .
 7 . . . . . . . . . . . . . . . . . . .
 6 . . . . . . . . . . . . . . . . . . .
 5 . . . . . . . . . . . . . . . . . . .
 4 . . . . . . . . . . . . . . . . @ . .
 3 . . . . . . . . . . . . . . . . . . .
 2 . . . . . . . . . . . . . . . . . . .
 1 . . . . . . . . . . . . . . . . . . .

koPOSITIONALscoreAREAtaxNONEsui0button1komi5.5
Time taken: ###
Root visits: 100
New playouts: 100
NN rows: 96
NN batches: 96
NN avg batch size: 1
PV: Q17 D3 C16 Q3
Tree:
: T   3.99c W   3.54c S   0.45c ( +1.3 L  +1.3) N     100  --  Q17 D3 C16 Q3
---Black(^)---
Q17 : T   4.76c W   4.15c S   0.61c ( +1.5 L  +1.6) LCB   -7.37c P  8.97% WF  6.77% PSV      16 N      11  --  Q17 D3 C16 Q3
Q3  : T   4.58c W   4.06c S   0.53c ( +1.4 L  +1.5) LCB   -7.47c P  9.00% WF  6.75% PSV      10 N      10  --  Q3 R16 D3 D17
R4  : T   3.70c W   3.35c S   0.35c ( +1.2 L  +1.4) LCB   -9.23c P  8.97% WF  6.66% PSV      10 N      10  --  R4 R16 D3 D17
D3  : T   5.12c W   4.54c S   0.58c ( +1.5 L  +1.6) LCB   -9.26c P  8.45% WF  6.81% PSV      10 N      10  --  D3 R16 D17 Q3
C4  : T   3.58c W   3.13c S   0.45c ( +1.3 L  +1.4) LCB  -16.49c P  8.65% WF  6.65% PSV       9 N       9  --  C4 R16 D17 Q3
C16 : T   4.31c W   3.75c S   0.55c ( +1.5 L  +1.5) LCB  -15.61c P  8.25% WF  6.72% PSV       9 N       9  --  C16 D3 R16 Q3
R16 : T   4.89c W   4.26c S   0.62c ( +1.6 L  +1.6) LCB  -11.30c P  7.46% WF  6.78% PSV       9 N       9  --  R16 D3 C16 Q3
D17 : T   3.97c W   3.54c S   0.43c ( +1.3 L  +1.3) LCB  -20.05c P  8.17% WF  6.69% PSV       8 N       8  --  D17 D3 R16 Q3
Q4  : T   3.69c W   3.44c S   0.25c ( +1.0 L  +1.1) LCB  -43.46c P  5.55% WF  6.66% PSV       5 N       5  --  Q4 D3 D17
D16 : T   2.14c W   1.98c S   0.16c ( +0.9 L  +0.8) LCB -139.27c P  4.75% WF  6.53% PSV       4 N       4  --  D16 D3 Q17
MoveNum: 1 HASH: F19857B2A2B00E3CA2C67ECEB0719FCA
   A B C D E F G H J K L M N O P Q R S T
19 . . . . . . . . . . . . . . . . . . .
18 . . . . . . . . . . . . . . . . . . .
17 . . . . . . . . . . . . . . . @ . . .
16 . . . . . . . . . . . . . . . . . . .
15 . . . . . . . . . . . . . . . . . . .
14 . . . . . . . . . . . . . . . . . . .
13 . . . . . . . . . . . . . . . . . . .
12 . . . . . . . . . . . . . . . . . . .
11 . . . . . . . . . . . . . . . . . . .
10 . . . . . . . . . . . . . . . . . . .
 9 . . . . . . . . . . . . . . . . . . .
 8 . . . . . . . . . . . . . . . . . . .
 7 . . . . . . . . . . . . . . . . . . .
 6 . . . . . . . . . . . . . . . . . . .
 5 . . . . . . . . . . . . . . . . . . .
 4 . . . . . . . . . . . . . . . . X . .
 3 . . . . . . . . . . . . . . . . . . .
 2 . . . . . . . . . . . . . . . . . . .
 1 . . . . . . . . . . . . . . . . . . .

koPOSITIONALscoreAREAtaxNONEsui0button1komi5.5
Time taken: ###
Root visits: 100
New playouts: 90
NN rows: 80
NN batches: 80
NN avg batch size: 1
PV: D3 Q17 D17 Q15
Tree:
: T  -4.91c W  -4.55c S  -0.35c ( -1.3 L  -1.4) N     100  --  D3 Q17 D17 Q15
---White(^)---
D3  : T  -4.42c W  -4.14c S  -0.29c ( -1.2 L  -1.3) LCB   -8.77c P 14.85% WF  9.20% PSV      22 N      18  --  D3 Q17 D17 Q15
R16 : T  -4.16c W  -3.94c S  -0.22c ( -1.1 L  -1.2) LCB   -8.86c P 15.06% WF  9.25% PSV      18 N      18  --  R16 D3 D17 D5
Q17 : T  -4.71c W  -4.47c S  -0.24c ( -1.1 L  -1.1) LCB  -11.21c P 10.42% WF  9.15% PSV      12 N      12  --  Q17 D3 D17 D5
D17 : T  -5.32c W  -4.93c S  -0.39c ( -1.3 L  -1.4) LCB  -17.34c P  9.93% WF  9.06% PSV      10 N      10  --  D17 D3 Q17 D5
C4  : T  -5.00c W  -4.61c S  -0.39c ( -1.3 L  -1.4) LCB  -16.53c P  9.23% WF  9.11% PSV      10 N      10  --  C4 C16 Q17 E16
C16 : T  -5.18c W  -4.77c S  -0.42c ( -1.4 L  -1.5) LCB  -24.14c P  8.07% WF  9.08% PSV       8 N       8  --  C16 D3 Q17
Q16 : T  -5.89c W  -5.46c S  -0.44c ( -1.4 L  -1.5) LCB  -29.86c P  6.03% WF  8.99% PSV       6 N       6  --  Q16 D3 D17
Q4  : T  -4.60c W  -4.10c S  -0.50c ( -1.5 L  -1.8) LCB  -55.47c P  5.56% WF  9.16% PSV       6 N       6  --  Q4 Q3 D3 C16
D4  : T  -5.47c W  -4.98c S  -0.49c ( -1.5 L  -1.6) LCB  -54.95c P  5.16% WF  9.05% PSV       5 N       5  --  D4 C16 Q17
D16 : T  -6.13c W  -5.57c S  -0.55c ( -1.6 L  -1.6) LCB -109.85c P  4.64% WF  8.98% PSV       4 N       4  --  D16 D3 Q17
MoveNum: 0 HASH: CDCBC1F514D7E680FACD226074256633
   A B C D E F G H J K L M N O P Q R S T
19 . . . . . . . . . . . . . . . . . . .
18 . . . . . . . . . . . . . . . . . . .
17 . . . . . . . . . . . . . . . . . . .
16 . . @ . . . . . . . . . . . . . . . .
15 . . . . . . . . . . . . . . . . . . .
14 . . . . . . . . . . . . . . . . . . .
13 . . . . . . . . . . . . . . . . . . .
12 . . . . . . . . . . . . . . . . . . .
11 . . . . . . . . . . . . . . . . . . .
10 . . . . . . . . . . . . . . . . . . .
 9 . . . . . . . . . . . . . . . . . . .
 8 . . . . . . . . . . . . . . . . . . .
 7 . . . . . . . . . . . . . . . . . . .
 6 . . . . . . . . . . . . . . . . . . .
 5 . . . . . . . . . . . . . . . . . . .
 4 . . . . . . . . . . . . . . . . . . .
 3 . . . . . . . . . . . . . . . . . . .
 2 . . . . . . . . . . . . . . . . . . .
 1 . . . . . . . . . . . . . . . . . . .

koPOSITIONALscoreAREAtaxNONEsui0button1komi5.5
Time taken: ###
Root visits: 100
New playouts: 100
NN rows: 0
NN batches: 0
NN avg batch size: -nan
PV: Q17 D3 C16 Q3
Tree:
: T   3.99c W   3.54c S   0.45c ( +1.3 L  +1.3) N     100  --  Q17 D3 C16 Q3
---Black(^)---
Q17 : T   4.76c W   4.15c S   0.61c ( +1.5 L  +1.6) LCB   -7.37c P  8.97% WF  6.77% PSV      16 N      11  --  Q17 D3 C16 Q3
Q3  : T   4.58c W   4.06c S   0.53c ( +1.4 L  +1.5) LCB   -7.47c P  9.00% WF  6.75% PSV      10 N      10  --  Q3 R16 D3 D17
R4  : T   3.70c W   3.35c S   0.35c ( +1.2 L  +1.4) LCB   -9.23c P  8.97% WF  6.66% PSV      10 N      10  --  R4 R16 D3 D17
D3  : T   5.12c W   4.54c S   0.58c ( +1.5 L  +1.6) LCB   -9.26c P  8.45% WF  6.81% PSV      10 N      10  --  D3 R16 D17 Q3
C4  : T   3.58c W   3.13c S   0.45c ( +1.3 L  +1.4) LCB  -16.49c P  8.65% WF  6.65% PSV       9 N       9  --  C4 R16 D17 Q3
C16 : T   4.31c W   3.75c S   0.55c ( +1.5 L  +1.5) LCB  -15.61c P  8.25% WF  6.72% PSV       9 N       9  --  C16 D3 R16 Q3
R16 : T   4.89c W   4.26c S   0.62c ( +1.6 L  +1.6) LCB  -11.30c P  7.46% WF  6.78% PSV       9 N       9  --  R16 D3 C16 Q3
D17 : T   3.97c W   3.54c S   0.43c ( +1.3 L  +1.3) LCB  -20.05c P  8.17% WF  6.69% PSV       8 N       8  --  D17 D3 R16 Q3
Q4  : T   3.69c W   3.44c S   0.25c ( +1.0 L  +1.1) LCB  -43.46c P  5.55% WF  6.66% PSV       5 N       5  --  Q4 D3 D17
D16 : T   2.14c W   1.98c S   0.16c ( +0.9 L  +0.8) LCB -139.27c P  4.75% WF  6.53% PSV       4 N       4  --  D16 D3 Q17
Changed rules to Chinese
MoveNum: 1 HASH: 5CAAD553F3A4AF0F47459C51E40D103A
   A B C D E F G H J K L M N O P Q R S T
19 . . . . . . . . . . . . . . . . . . .
18 . . . . . . . . . . . . . . . . . . .
17 . . . . . . . . . . . . . . . . . . .
16 . . X . . . . . . . . . . . . . @ . .
15 . . . . . . . . . . . . . . . . . . .
14 . . . . . . . . . . . . . . . . . . .
13 . . . . . . . . . . . . . . . . . . .
12 . . . . . . . . . . . . . . . . . . .
11 . . . . . . . . . . . . . . . . . . .
10 . . . . . . . . . . . . . . . . . . .
 9 . . . . . . . . . . . . . . . . . . .
 8 . . . . . . . . . . . . . . . . . . .
 7 . . . . . . . . . . . . . . . . . . .
 6 . . . . . . . . . . . . . . . . . . .
 5 . . . . . . . . . . . . . . . . . . .
 4 . . . . . . . . . . . . . . . . . . .
 3 . . . . . . . . . . . . . . . . . . .
 2 . . . . . . . . . . . . . . . . . . .
 1 . . . . . . . . . . . . . . . . . . .

koSIMPLEscoreAREAtaxNONEsui0whbNkomi5.5
Time taken: ###
Root visits: 100
New playouts: 100
NN rows: 86
NN batches: 86
NN avg batch size: 1
PV: D3 Q17 Q3 Q15
Tree:
: T  -5.19c W  -5.23c S   0.04c ( -1.5 L  -1.5) N     100  --  D3 Q17 Q3 Q15
---White(^)---
D3  : T  -4.86c W  -4.96c S   0.10c ( -1.4 L  -1.4) LCB   -9.58c P 13.72% WF 10.07% PSV      16 N      16  --  D3 Q17 Q3 Q15
R16 : T  -4.69c W  -4.82c S   0.13c ( -1.4 L  -1.4) LCB   -9.72c P 13.35% WF 10.10% PSV      16 N      16  --  R16 Q3 C4 Q5
Q3  : T  -4.90c W  -4.99c S   0.10c ( -1.4 L  -1.4) LCB  -10.96c P 11.77% WF 10.06% PSV      13 N      13  --  Q3 Q17 D3
R4  : T  -5.68c W  -5.64c S  -0.03c ( -1.6 L  -1.5) LCB  -12.78c P 12.09% WF  9.93% PSV      12 N      12  --  R4 R16 D3 E16
Q17 : T  -4.95c W  -5.06c S   0.11c ( -1.4 L  -1.4) LCB  -12.20c P 11.10% WF 10.05% PSV      12 N      12  --  Q17 Q3 C4
C4  : T  -5.81c W  -5.73c S  -0.07c ( -1.7 L  -1.7) LCB  -23.94c P  8.26% WF  9.92% PSV       8 N       8  --  C4 R16 Q3
D16 : T  -4.71c W  -4.75c S   0.03c ( -1.5 L  -1.7) LCB  -30.30c P  6.13% WF 10.08% PSV       7 N       8  --  D16 D17 E17 C17
Q16 : T  -5.89c W  -5.79c S  -0.10c ( -1.7 L  -1.7) LCB  -56.28c P  5.18% WF  9.92% PSV       5 N       5  --  Q16 D3 Q3
D4  : T  -5.84c W  -5.73c S  -0.11c ( -1.7 L  -1.7) LCB  -59.83c P  4.92% WF  9.93% PSV       5 N       5  --  D4 R16 Q3
Q4  : T  -5.80c W  -5.74c S  -0.05c ( -1.6 L  -1.6) LCB -110.49c P  4.50% WF  9.94% PSV       4 N       4  --  Q4 D3 Q17
