KataGo v1.6.1
Using TrompTaylor rules initially, unless GTP/GUI overrides this
Loaded config configs/gtp_example.cfg and/or command-line and query overrides
Loaded model tests/models/g170-b6c96-s175395328-d26788732.bin.gz
Model name: g170-b6c96-s175395328-d26788732
GTP ready, beginning main protocol loop
MoveNum: 0 HASH: 39275211CAB1A1C57EBA614CCCEA92D2
   A B C D E F G H J K L M N O P Q R S T
19 . . . . . . . . . . . . . . . . . . .
18 . . . . . . . . . . . . . . . . . . .
17 . . . . . . . . . . . . . . . . . . .
16 . . . X . . . . . . . . . . . X . . .
15 . . . . . . . . . . . . . . . . . . .
14 . . . . . . . . . . . . . . . . . . .
13 . . . . . . . . . . . . . . . . . . .
12 . . . @ . . . . . . . . . . . . . . .
11 . . . . . . . . . . . . . . . . . . .
10 . . . X . . . . . X . . . . . X . . .
 9 . . . . . . . . . . . . . . . . . . .
 8 . . . . . . . . . . . . . . . . . . .
 7 . . . . . . . . . . . . . . . . . . .
 6 . . . . . . . . . . . . . . . . . . .
 5 . . . . . . . . . . . . . . . . . . .
 4 . . . X . . . . . . . . . . . X . . .
 3 . . . . . . . . . . . . . . . . . . .
 2 . . . . . . . . . . . . . . . . . . .
 1 . . . . . . . . . . . . . . . . . . .

koPOSITIONALscoreAREAtaxNONEsui1komi7.5
Time taken: ###
Root visits: 100
New playouts: 100
NN rows: 100
NN batches: 100
NN avg batch size: 1
PlayoutDoublingAdvantage: 2.75
PV: D12 D7 F17 F16 G16
Tree:
: T -94.49c W -85.60c S  -8.89c (-30.5 L -29.8) N     100  --  D12 D7 F17 F16 G16
---White(^)---
D12 : T -93.86c W -85.35c S  -8.50c (-29.9 L -29.2) LCB -106.51c P  6.09% WF  4.66% PSV      13 N      13  --  D12 D7 F17 F16 G16
O17 : T -94.10c W -85.20c S  -8.90c (-30.4 L -29.8) LCB -118.63c P  5.49% WF  4.64% PSV      11 N      11  --  O17 Q13 C14 F17 D8
Q12 : T -94.68c W -85.72c S  -8.96c (-30.7 L -29.9) LCB -121.60c P  5.45% WF  4.59% PSV      10 N      10  --  Q12 Q7 O16 Q14 O12
F16 : T -95.61c W -86.30c S  -9.32c (-31.1 L -30.5) LCB -125.05c P  5.43% WF  4.53% PSV       8 N       8  --  F16 C13 R14 O17
F17 : T -95.87c W -86.26c S  -9.61c (-31.5 L -30.8) LCB -142.56c P  4.99% WF  4.51% PSV       7 N       7  --  F17 C13 R14
R12 : T -93.70c W -85.07c S  -8.63c (-30.1 L -29.7) LCB -148.08c P  3.29% WF  4.66% PSV       7 N       7  --  R12 Q7 O16 R14 P12
D6  : T -92.10c W -83.96c S  -8.14c (-29.5 L -28.8) LCB -115.78c P  2.25% WF  4.76% PSV       6 N       6  --  D6 F4 D12
C12 : T -93.18c W -84.68c S  -8.50c (-29.9 L -29.4) LCB -185.43c P  2.62% WF  4.69% PSV       5 N       5  --  C12 F17 R14
D13 : T -91.83c W -83.90c S  -7.94c (-29.3 L -28.9) LCB -136.62c P  1.63% WF  4.77% PSV       5 N       5  --  D13 F17 D8 F3
O16 : T -95.84c W -86.56c S  -9.28c (-30.9 L -30.0) LCB -313.60c P  2.71% WF  4.53% PSV       4 N       4  --  O16 Q13 C14
MoveNum: 0 HASH: 31C5C7E1B1B3BA804B970B13D0FAC7AF
   A B C D E F G H J K L M N O P Q R S T
19 . . . . . . . . . . . . . . . . . . .
18 . . . . . . . . . . . . . . . . . . .
17 . . . . . . . . . . . . . . . X . . .
16 . . . X . . . . . . . . . . . . . . .
15 . . . . . . . . . . . . . . . . . . .
14 . . . . . . . . . . . . . . . . . . .
13 . . . . . . . . . . . . . . . . . . .
12 . . . . . . . . . . . . . . . . . . .
11 . . . . . . . . . . . . . . . . . . .
10 . . . . . . . . . . . . . . . . . . .
 9 . . . . . . . . . . . . . . . . . . .
 8 . . . . . . . . . . . . . . . . . . .
 7 . . . . . . . . . . . . . . . . . . .
 6 . . . . . . . . . . . . . . . . . . .
 5 . . . . . . . . . . . . . . . . . . .
 4 . . X . . . . . . . . . . . . . . . .
 3 . . . . . . . . . . . . . . . @ . . .
 2 . . . . . . . . . . . . . . . . . . .
 1 . . . . . . . . . . . . . . . . . . .

koPOSITIONALscoreAREAtaxNONEsui1komi7.5
Time taken: ###
Root visits: 100
New playouts: 100
NN rows: 86
NN batches: 86
NN avg batch size: 1
PlayoutDoublingAdvantage: 1.125
PV: Q3 Q4 R4 R5 R3 E4
Tree:
: T -49.79c W -45.56c S  -4.23c (-12.8 L -13.3) N     100  --  Q3 Q4 R4 R5 R3 E4
---White(^)---
Q3  : T -49.41c W -45.28c S  -4.13c (-12.6 L -13.2) LCB  -54.25c P 28.20% WF 20.47% PSV      41 N      35  --  Q3 Q4 R4 R5 R3 E4
R4  : T -49.28c W -45.11c S  -4.17c (-12.7 L -13.2) LCB  -54.36c P 32.14% WF 20.54% PSV      40 N      40  --  R4 Q4 Q3 R5 R3 E4
Q4  : T -51.60c W -47.14c S  -4.46c (-13.1 L -13.6) LCB  -60.19c P 13.17% WF 19.67% PSV      12 N      12  --  Q4 Q15 E3 D3 E4
D4  : T -52.71c W -47.96c S  -4.75c (-13.6 L -14.2) LCB -140.07c P  7.08% WF 19.45% PSV       6 N       6  --  D4 D3 E3 C3
Q16 : T -51.22c W -46.66c S  -4.56c (-13.3 L -13.9) LCB -121.91c P  6.97% WF 19.87% PSV       6 N       6  --  Q16 R16 P17 R17
MoveNum: 2 HASH: 026B39E226E1EAC8E8EE88ACE7D25975
   A B C D E F G H J K L M N O P Q R S T
19 . . . . . . . . . . . . . . . . . . .
18 . . . . . . . . . . . . . . . . . . .
17 . . . . . . . . . . . . . . . X . . .
16 . . . X . . . . . . . . . . . . . . .
15 . . . . . . . . . . . . . . . . . . .
14 . . . . . . . . . . . . . . . . . . .
13 . . . . . . . . . . . . . . . . . . .
12 . . . . . . . . . . . . . . . . . . .
11 . . . . . . . . . . . . . . . . . . .
10 . . . . . . . . . . . . . . . . . . .
 9 . . . . . . . . . . . . . . . . . . .
 8 . . . . . . . . . . . . . . . . . . .
 7 . . . . . . . . . . . . . . . . . . .
 6 . . . . . . . . . . . . . . . . . . .
 5 . . . . . . . . . . . . . . . . . . .
 4 . . X @ . . . . . . . . . . . . . . .
 3 . . . . . . . . . . . . . . . O . . .
 2 . . . . . . . . . . . . . . . . . . .
 1 X . . . . . . . . . . . . . . . . . .

koPOSITIONALscoreAREAtaxNONEsui1komi7.5
Time taken: ###
Root visits: 100
New playouts: 100
NN rows: 98
NN batches: 98
NN avg batch size: 1
PlayoutDoublingAdvantage: 1
PV: R15 R16 Q15 O16 Q16 R17
Tree:
: T  -0.23c W   0.32c S  -0.55c ( -0.7 L  -0.8) N     100  --  R15 R16 Q15 O16 Q16 R17
---White(^)---
R15 : T   1.43c W   1.72c S  -0.30c ( -0.3 L  -0.4) LCB   -1.69c P 20.29% WF 14.91% PSV      32 N      32  --  R15 R16 Q15 O16 Q16 R17
Q16 : T  -2.61c W  -1.81c S  -0.80c ( -1.0 L  -1.1) LCB  -10.10c P 18.14% WF 13.77% PSV      17 N      17  --  Q16 R16 P17 R17 D4 D3
D4  : T  -1.81c W  -1.02c S  -0.79c ( -1.0 L  -1.3) LCB   -6.28c P 15.43% WF 13.99% PSV      16 N      16  --  D4 D3 C5 C3 R15 R5
Q5  : T  -0.01c W   0.65c S  -0.66c ( -0.8 L  -0.8) LCB   -4.81c P 12.95% WF 14.45% PSV      16 N      16  --  Q5 Q15 E3 D3 E4 D6
Q15 : T   0.90c W   1.29c S  -0.38c ( -0.4 L  -0.5) LCB   -7.21c P  7.82% WF 14.66% PSV      11 N      11  --  Q15 E4 R17 R18
E3  : T  -1.11c W  -0.42c S  -0.69c ( -0.9 L  -0.9) LCB  -34.31c P  4.90% WF 14.22% PSV       5 N       5  --  E3 Q15 D5
C17 : T  -2.70c W  -1.76c S  -0.95c ( -1.3 L  -1.3) LCB -280.00c P  2.85% WF 14.01% PSV       2 N       2  --  C17 C16
MoveNum: 4 HASH: 4BD5CB9064D24D2BD198D4190B5BA693
   A B C D E F G H J K L M N O P Q R S T
19 . . . . . . . . . . . . . . . . . . .
18 . . . . . . . . . . . . . . . . . . .
17 . . . . . . . . . . . . . . . X . . .
16 . . . X . . . . . . . . . . . @ . . .
15 . . . . . . . . . . . . . . . . . . .
14 . . . . . . . . . . . . . . . . . . .
13 . . . . . . . . . . . . . . . . . . .
12 . . . . . . . . . . . . . . . . . . .
11 . . . . . . . . . . . . . . . . . . .
10 . . . . . . . . . . . . . . . . . . .
 9 . . . . . . . . . . . . . . . . . . .
 8 . . . . . . . . . . . . . . . . . . .
 7 . . . . . . . . . . . . . . . . . . .
 6 . . . . . . . . . . . . . . . . . . .
 5 . . . . . . . . . . . . . . . . . . .
 4 . . X O2. . . . . . . . . . . . . . .
 3 . . . . . . . . . . . . . . . O . . .
 2 . . . . . . . . . . . . . . . . . . .
 1 X1. X3. . . . . . . . . . . . . . . .

koPOSITIONALscoreAREAtaxNONEsui1komi7.5
Time taken: ###
Root visits: 100
New playouts: 100
NN rows: 97
NN batches: 97
NN avg batch size: 1
PlayoutDoublingAdvantage: 0.875
PV: Q16 R16 P17 R17 C5 C3 D5
Tree:
: T  27.96c W  26.55c S   1.41c ( +6.7 L  +6.4) N     100  --  Q16 R16 P17 R17 C5 C3 D5
---White(^)---
Q16 : T  30.89c W  29.02c S   1.87c ( +7.4 L  +7.0) LCB   21.06c P 16.19% WF 11.87% PSV      53 N      28  --  Q16 R16 P17 R17 C5 C3 D5
C5  : T  26.24c W  25.19c S   1.04c ( +6.2 L  +6.0) LCB   16.15c P 32.37% WF 10.80% PSV      29 N      29  --  C5 C3 D5 E3 R15 R5 P16
C3  : T  26.62c W  25.15c S   1.47c ( +6.8 L  +6.3) LCB   10.46c P 19.65% WF 10.91% PSV      18 N      19  --  C3 B3 C5 B4 D6
R15 : T  24.03c W  23.26c S   0.77c ( +5.8 L  +5.3) LCB  -28.77c P 10.45% WF 10.55% PSV       7 N       7  --  R15 D5 C3 D3
R16 : T  32.34c W  30.29c S   2.05c ( +7.7 L  +7.2) LCB  -31.17c P  2.34% WF 11.88% PSV       5 N       6  --  R16 R17 C5
C17 : T  27.43c W  26.21c S   1.22c ( +6.4 L  +6.0) LCB -248.69c P  4.40% WF 11.11% PSV       4 N       4  --  C17 D5 C16 D15
Q5  : T  25.76c W  25.14c S   0.62c ( +5.5 L  +5.2) LCB -280.00c P  2.47% WF 10.92% PSV       2 N       2  --  Q5 D5
D5  : T  28.98c W  27.54c S   1.44c ( +6.8 L  +6.2) LCB -280.00c P  2.18% WF 11.31% PSV       2 N       2  --  D5 C3
Q15 : T  23.37c W  22.81c S   0.56c ( +5.5 L  +5.0) LCB -280.00c P  1.97% WF 10.64% PSV       1 N       2  --  Q15 D5
MoveNum: 6 HASH: 03C4FC955CCD4BEF4114DBD3652C63E3
   A B C D E F G H J K L M N O P Q R S T
19 . . . . . . . . . . . . . . . . . . .
18 . . . . . . . . . . . . . . . . . . .
17 . . . . . . . . . . . . . . . X @ . .
16 . . . X . . . . . . . . . . . O2. . .
15 . . . . . . . . . . . . . . . . . . .
14 . . . . . . . . . . . . . . . . . . .
13 . . . . . . . . . . . . . . . . . . .
12 . . . . . . . . . . . . . . . . . . .
11 . . . . . . . . . . . . . . . . . . .
10 . . . . . . . . . . . . . . . . . . .
 9 . . . . . . . . . . . . . . . . . . .
 8 . . . . . . . . . . . . . . . . . . .
 7 . . . . . . . . . . . . . . . . . . .
 6 . . . . . . . . . . . . . . . . . . .
 5 . . . . . . . . . . . . . . . . . . .
 4 . . X O . . . . . . . . . . . . . . .
 3 . . . . . . . . . . . . . . . O . . .
 2 . . . . . . . . . . . . . . . . . . .
 1 X X3X1. . . . . . . . . . . . . . . .

koPOSITIONALscoreAREAtaxNONEsui1komi7.5
Time taken: ###
Root visits: 100
New playouts: 100
NN rows: 97
NN batches: 97
NN avg batch size: 1
PlayoutDoublingAdvantage: 0.75
PV: R17 P17 R16 D5 M17 P16 Q14 P14
Tree:
: T  68.73c W  65.00c S   3.73c (+18.4 L +18.4) N     100  --  R17 P17 R16 D5 M17 P16 Q14
---White(^)---
R17 : T  69.34c W  65.74c S   3.60c (+18.2 L +18.1) LCB   62.80c P 36.73% WF 20.56% PSV      43 N      43  --  R17 P17 R16 D5 M17 P16 Q14 P14
P17 : T  69.10c W  65.17c S   3.93c (+18.7 L +18.7) LCB   62.06c P 22.91% WF 20.43% PSV      25 N      25  --  P17 R17 P16 R16 C5 D5
C5  : T  67.41c W  63.59c S   3.82c (+18.5 L +18.8) LCB   55.20c P 21.84% WF 19.76% PSV      21 N      21  --  C5 D5 C3 B4 B3 B5 E3
R16 : T  71.28c W  67.41c S   3.87c (+18.5 L +18.5) LCB   37.13c P  5.19% WF 21.03% PSV       7 N       7  --  R16 D5 P17 R5 R4
C3  : T  60.13c W  57.50c S   2.63c (+16.7 L +17.2) LCB -746.25c P  6.71% WF 18.22% PSV       3 N       3  --  C3 C5 B3
MoveNum: 1 HASH: 1AF8E45BE7BCD0CF2B21050C98540B8D
   A B C D E F G H J K L M N O P Q R S T
19 . . . . . . . . . . . . . . . . . . .
18 . . . . . . . . . . . . . . . . . . .
17 . . . X . . . . . . . . . . . . . . .
16 . . . . . . . . . . . . . . . X . . .
15 . . . @ . . . . . . . . . . . . . . .
14 . . . . . . . . . . . . . . . . . . .
13 . . . . . . . . . . . . . . . . . . .
12 . . . . . . . . . . . . . . . . . . .
11 . . . . . . . . . . . . . . . . . . .
10 . . . . . . . . . . . . . . . . . . .
 9 . . . . . . . . . . . . . . . . . . .
 8 . . . . . . . . . . . . . . . . . . .
 7 . . . . . . . . . . . . . . . . . . .
 6 . . . . . . . . . . . . . . . . . . .
 5 . . . . . . . . . . . . . . . . . . .
 4 . . X . . . . . . . . . . . . O . . .
 3 . . . . . . . . . . . . . . . . . . .
 2 . . . . . . . . . . . . . . . . . . .
 1 . . . . . . . . . . . . . . . . . . .

koPOSITIONALscoreAREAtaxNONEsui1komi7.5
Time taken: ###
Root visits: 100
New playouts: 100
NN rows: 97
NN batches: 97
NN avg batch size: 1
PlayoutDoublingAdvantage: -1.125
PV: D15 E3 D3 E4 C6 D5 C5
Tree:
: T  48.93c W  46.09c S   2.85c (+12.8 L +13.2) N     100  --  D15 E3 D3 E4 C6 D5 C5
---Black(^)---
D15 : T  49.42c W  46.50c S   2.91c (+12.9 L +13.4) LCB   43.76c P 30.12% WF 16.79% PSV      36 N      36  --  D15 E3 D3 E4 C6 D5 C5
E4  : T  47.02c W  44.47c S   2.55c (+12.4 L +12.8) LCB   40.21c P 28.63% WF 15.96% PSV      26 N      28  --  E4 C15 C16 D15 F17 E16 E17
C15 : T  49.90c W  46.97c S   2.93c (+12.9 L +13.3) LCB   32.48c P 10.75% WF 16.89% PSV      14 N      14  --  C15 E3 D3 E4 C6 J4
E3  : T  51.81c W  48.68c S   3.13c (+13.2 L +13.5) LCB   38.92c P  5.95% WF 17.38% PSV      10 N      10  --  E3 C15 C16 D15 F17 R17
R3  : T  46.06c W  43.24c S   2.82c (+12.8 L +13.1) LCB  -39.53c P  6.98% WF 15.94% PSV       6 N       6  --  R3 D4 D3 E3
C14 : T  50.79c W  47.64c S   3.15c (+13.3 L +13.5) LCB   33.11c P  3.72% WF 17.03% PSV       5 N       5  --  C14 E3 D3 E4
MoveNum: 1 HASH: 29B4CBD3782FFC0779C046875E5F2DAE
   A B C D E F G H J K L M N
13 . . . . . . . . . . . . .
12 . . . . . . . . . . . . .
11 . . . . . . . . . . . . .
10 . . . X . . . . . X . . .
 9 . . . . . . . . . . . . .
 8 . . . . . . . . . . . . .
 7 . . . . . . . . . . . . .
 6 . . . . . . . . . . . . .
 5 . . . . . . . . . @ . . .
 4 . . . X . . . . . O . . .
 3 . . . . . . . . . . . . .
 2 . . . . . . . . . . . . .
 1 . . . . . . . . . . . . .

koPOSITIONALscoreAREAtaxNONEsui1komi7.5
Time taken: ###
Root visits: 100
New playouts: 100
NN rows: 98
NN batches: 98
NN avg batch size: 1
PlayoutDoublingAdvantage: -2.125
PV: J4 K3 K5 J5 J3
Tree:
: T  66.87c W  64.30c S   2.58c ( +9.9 L +10.3) N     100  --  J4 K3 K5 J5 J3
---Black(^)---
J4  : T  72.00c W  68.91c S   3.09c (+10.4 L +10.7) LCB   62.04c P  3.13% WF  4.75% PSV      26 N      14  --  J4 K3 K5 J5 J3
K5  : T  69.97c W  67.21c S   2.77c (+10.1 L +10.6) LCB   60.17c P  7.77% WF  4.62% PSV      20 N      20  --  K5 L4 J4 J5 L5
L4  : T  68.16c W  65.36c S   2.80c (+10.1 L +10.3) LCB   36.40c P  4.49% WF  4.44% PSV       8 N       8  --  L4 L5 L3 K3 M5
K7  : T  65.89c W  63.38c S   2.51c ( +9.8 L +10.2) LCB   37.37c P  6.63% WF  4.29% PSV       7 N       7  --  K7 C6 F3 F11
L3  : T  68.50c W  65.38c S   3.12c (+10.4 L +10.7) LCB   42.62c P  4.61% WF  4.46% PSV       7 N       7  --  L3 L4 K3 J3
L7  : T  68.01c W  64.96c S   3.05c (+10.4 L +10.7) LCB   19.39c P  4.42% WF  4.43% PSV       6 N       6  --  L7 C6 G3 F11
K3  : T  66.52c W  63.99c S   2.53c ( +9.8 L +10.1) LCB  -36.73c P  4.02% WF  4.33% PSV       5 N       5  --  K3 J3 L4
L6  : T  68.12c W  65.16c S   2.96c (+10.3 L +10.6) LCB  -11.83c P  2.85% WF  4.43% PSV       5 N       5  --  L6 F3 D7
D7  : T  60.57c W  59.59c S   0.98c ( +8.4 L  +9.2) LCB  -51.43c P  5.69% WF  4.01% PSV       4 N       4  --  D7 D11 C11
G10 : T  61.30c W  59.51c S   1.79c ( +9.1 L  +9.7) LCB -155.48c P  4.46% WF  4.05% PSV       3 N       4  --  G10 C6 F3
MoveNum: 2 HASH: 952E47D2E85DBDA87BA99675379189CA
   A B C D E F G H J K L M N
13 . . . . . . . . . . . . .
12 . . . . . . . . . . . . .
11 . . . . . . . . . . . . .
10 . . . X . . . . . X . . .
 9 . . . . . . . . . . . . .
 8 . . . . . . . . . . . . .
 7 . . . . . . . . . . . . .
 6 . . . . . . . . . . . . .
 5 . . . . . . . . . X . . .
 4 . . . X . . . . . O @ . .
 3 . . . . . . . . . . . . .
 2 . . . . . . . . . . . . .
 1 . . . . . . . . . . . . .

koPOSITIONALscoreAREAtaxNONEsui1komi7.5
Time taken: ###
Root visits: 100
New playouts: 100
NN rows: 80
NN batches: 80
NN avg batch size: 1
PlayoutDoublingAdvantage: 2.125
PV: L4 J4 J5 L5 H5 J3 M5
Tree:
: T -68.17c W -64.87c S  -3.31c ( -9.7 L -10.2) N     100  --  L4 J4 J5 L5 H5 J3 M5
---White(^)---
L4  : T -66.22c W -63.23c S  -2.99c ( -9.4 L -10.0) LCB  -71.99c P 34.42% WF 27.77% PSV      74 N      49  --  L4 J4 J5 L5 H5 J3 M5
L5  : T -68.26c W -65.00c S  -3.26c ( -9.7 L -10.1) LCB  -76.13c P 35.56% WF 26.48% PSV      39 N      39  --  L5 J4 K3 L6 K6 J5 L7 M6
J4  : T -75.11c W -70.50c S  -4.60c (-10.9 L -11.2) LCB -122.82c P 12.52% WF 23.84% PSV       7 N       7  --  J4 L4 L3 L5 M3
J5  : T -81.98c W -76.08c S  -5.91c (-12.3 L -12.4) LCB -257.88c P 10.26% WF 21.91% PSV       4 N       4  --  J5 L4 L3 L5
MoveNum: 3 HASH: 631C64617B2072307DD8F2E6E41A3D6C
   A B C D E F G H J K L M N
13 . . . . . . . . . . . . .
12 . . . . . . . . . . . . .
11 . . . . . . . . . . . . .
10 . . . X . . . . . X . . .
 9 . . . . . . . . . . . . .
 8 . . . . . . . . . . . . .
 7 . . . . . . . . . . . . .
 6 . . . . . . . . . . . . .
 5 . . . . . . . . . X2. . .
 4 . . . X . . . . @ O1O3. .
 3 . . . . . . . . . . . . .
 2 . . . . . . . . . . . . .
 1 . . . . . . . . . . . . .

koPOSITIONALscoreAREAtaxNONEsui1komi7.5
Time taken: ###
Root visits: 100
New playouts: 100
NN rows: 48
NN batches: 48
NN avg batch size: 1
PlayoutDoublingAdvantage: -2.125
PV: J4 J5 J3 H5 L5 M5 M6 M4
Tree:
: T  66.14c W  62.75c S   3.38c ( +9.5 L  +9.9) N     100  --  J4 J5 J3 H5 L5 M5 M6
---Black(^)---
J4  : T  68.47c W  64.39c S   4.08c (+10.2 L +10.3) LCB   61.23c P 22.88% WF  9.21% PSV      46 N      46  --  J4 J5 J3 H5 L5 M5 M6 M4
J5  : T  64.97c W  62.06c S   2.91c ( +9.0 L  +9.9) LCB   53.62c P 21.56% WF  8.53% PSV      25 N      26  --  J5 H3 G4 H4 H5 D11 C11 E11
H5  : T  66.02c W  62.96c S   3.06c ( +9.1 L +10.1) LCB   43.13c P  8.92% WF  8.71% PSV      12 N      12  --  H5 H3 L5 C6 J4
F3  : T  62.09c W  59.53c S   2.56c ( +8.6 L  +9.4) LCB  -87.35c P  4.52% WF  8.31% PSV       3 N       3  --  F3 H11
D7  : T  58.37c W  57.45c S   0.92c ( +7.2 L  +8.1) LCB -1032.13c P  4.58% WF  7.93% PSV       2 N       3  --  D7 J5
L5  : T  62.74c W  59.92c S   2.82c ( +8.9 L  +9.1) LCB -469.41c P  2.94% WF  8.37% PSV       2 N       3  --  L5 J5 J6
G10 : T  56.92c W  54.67c S   2.25c ( +8.4 L  +8.7) LCB -280.00c P  2.77% WF  8.00% PSV       1 N       1  --  G10
E11 : T  59.43c W  57.28c S   2.15c ( +8.3 L  +8.8) LCB -280.00c P  2.38% WF  8.20% PSV       1 N       1  --  E11
C11 : T  58.46c W  56.58c S   1.88c ( +8.0 L  +8.4) LCB -280.00c P  2.36% WF  8.12% PSV       1 N       1  --  C11
C7  : T  59.20c W  56.71c S   2.49c ( +8.6 L  +8.8) LCB -280.00c P  1.99% WF  8.18% PSV       1 N       1  --  C7
